ARM Linker, 5.03 [Build 76] [MDK-ARM Lite]

==============================================================================

Section Cross References

    startup.o(STACK) refers (Special) to heapauxi.o(.text) for __use_two_region_memory
    startup.o(HEAP) refers (Special) to heapauxi.o(.text) for __use_two_region_memory
    startup.o(RESET) refers (Special) to heapauxi.o(.text) for __use_two_region_memory
    startup.o(RESET) refers to main.o(.text) for IRQ_Handler
    startup.o(RESET) refers to startup.o(STACK) for Stack_Top
    startup.o(RESET) refers to __main.o(!!!main) for __main
    startup.o(.text) refers (Special) to heapauxi.o(.text) for __use_two_region_memory
    startup.o(.text) refers to startup.o(HEAP) for Heap_Mem
    startup.o(.text) refers to startup.o(STACK) for Stack_Mem
    main.o(.text) refers to uart.o(.text) for inserisciBuffer
    main.o(.text) refers to lcd_ym12864i.o(.text) for lcdPrintDx
    main.o(.text) refers to gestionestampastringhe.o(.text) for putcXY
    main.o(.text) refers to board.o(.text) for TargetResetInit
    main.o(.text) refers to timer.o(.text) for init_timer
    main.o(.text) refers to gioco.o(.text) for init_gioco
    main.o(.text) refers to rt_memcpy_w.o(.text) for __aeabi_memcpy4
    main.o(.text) refers to pedina.o(.text) for disegnaPedina
    main.o(.text) refers to muro.o(.text) for piazzaMuro
    main.o(.text) refers to main.o(.bss) for gioco1
    main.o(.text) refers to main.o(.data) for vittoria
    pedina.o(.text) refers to rt_memcpy_w.o(.text) for __aeabi_memcpy4
    muro.o(.text) refers to muro.o(.bss) for backup
    gestionestampastringhe.o(.text) refers to aeabi_sdiv.o(.text) for __aeabi_idivmod
    gestionestampastringhe.o(.text) refers to lcd_ym12864i.o(.text) for Lcd_Command_Left
    gestionestampastringhe.o(.text) refers to gestionestampastringhe.o(.constdata) for numero
    gestionestampastringhe.o(.text) refers to gestionestampastringhe.o(.data) for cursoreY
    gioco.o(.text) refers to pedina.o(.text) for initPedina
    gioco.o(.text) refers to coda.o(.text) for putItem
    gioco.o(.text) refers to rt_memcpy.o(.text) for __aeabi_memcpy
    gioco.o(.text) refers to gioco.o(.bss) for c
    gioco.o(.text) refers to gioco.o(.data) for flag
    gioco.o(.text) refers to muro.o(.text) for disegnaMuro
    gioco.o(.text) refers to random.o(.text) for srand
    gioco.o(.text) refers to aeabi_sdiv.o(.text) for __aeabi_idivmod
    uart.o(.text) refers to aeabi_sdiv.o(.text) for __aeabi_idivmod
    coda.o(.text) refers to aeabi_sdiv.o(.text) for __aeabi_idivmod
    random.o(.text) refers to random.o(.data) for next
    rt_memcpy.o(.text) refers to rt_memcpy_w.o(.text) for __aeabi_memcpy4
    aeabi_sdiv.o(.text_udiv) refers to aeabi_sdiv.o(.text) for __arm_div2
    aeabi_sdiv_div0.o(.text_udiv) refers to aeabi_sdiv_div0.o(.text) for __arm_div2
    __main.o(!!!main) refers to rtentry.o(.ARM.Collect$$rtentry$$00000000) for __rt_entry
    rtentry.o(.ARM.Collect$$rtentry$$00000000) refers (Special) to rtentry2.o(.ARM.Collect$$rtentry$$0000000A) for __rt_entry_li
    rtentry.o(.ARM.Collect$$rtentry$$00000000) refers (Special) to rtentry2.o(.ARM.Collect$$rtentry$$0000000D) for __rt_entry_main
    rtentry.o(.ARM.Collect$$rtentry$$00000000) refers (Special) to rtentry2.o(.ARM.Collect$$rtentry$$0000000C) for __rt_entry_postli_1
    rtentry.o(.ARM.Collect$$rtentry$$00000000) refers (Special) to rtentry2.o(.ARM.Collect$$rtentry$$00000009) for __rt_entry_postsh_1
    rtentry.o(.ARM.Collect$$rtentry$$00000000) refers (Special) to rtentry2.o(.ARM.Collect$$rtentry$$00000002) for __rt_entry_presh_1
    rtentry.o(.ARM.Collect$$rtentry$$00000000) refers (Special) to rtentry4.o(.ARM.Collect$$rtentry$$00000004) for __rt_entry_sh
    aeabi_idiv0_sigfpe.o(.text) refers to rt_div0.o(.text) for __rt_div0
    rtentry2.o(.ARM.Collect$$rtentry$$00000008) refers to boardinit2.o(.text) for _platform_post_stackheap_init
    rtentry2.o(.ARM.Collect$$rtentry$$0000000A) refers to libinit.o(.ARM.Collect$$libinit$$00000000) for __rt_lib_init
    rtentry2.o(.ARM.Collect$$rtentry$$0000000B) refers to boardinit3.o(.text) for _platform_post_lib_init
    rtentry2.o(.ARM.Collect$$rtentry$$0000000D) refers to exit.o(.text) for exit
    rtentry2.o(.ARM.Collect$$rtentry$$0000000D) refers to main.o(.text) for main
    rtentry2.o(.ARM.exidx) refers to rtentry2.o(.ARM.Collect$$rtentry$$00000001) for .ARM.Collect$$rtentry$$00000001
    rtentry2.o(.ARM.exidx) refers to rtentry2.o(.ARM.Collect$$rtentry$$00000008) for .ARM.Collect$$rtentry$$00000008
    rtentry2.o(.ARM.exidx) refers to rtentry2.o(.ARM.Collect$$rtentry$$0000000A) for .ARM.Collect$$rtentry$$0000000A
    rtentry2.o(.ARM.exidx) refers to rtentry2.o(.ARM.Collect$$rtentry$$0000000B) for .ARM.Collect$$rtentry$$0000000B
    rtentry2.o(.ARM.exidx) refers to rtentry2.o(.ARM.Collect$$rtentry$$0000000D) for .ARM.Collect$$rtentry$$0000000D
    rtentry4.o(.ARM.Collect$$rtentry$$00000004) refers to sys_stackheap_outer.o(.text) for __user_setup_stackheap
    rtentry4.o(.ARM.exidx) refers to rtentry4.o(.ARM.Collect$$rtentry$$00000004) for .ARM.Collect$$rtentry$$00000004
    rt_div0.o(.text) refers to defsig_fpe_outer.o(.text) for __rt_SIGFPE
    sys_stackheap_outer.o(.text) refers to libspace.o(.text) for __user_perproc_libspace
    sys_stackheap_outer.o(.text) refers to startup.o(.text) for __user_initial_stackheap
    exit.o(.text) refers to rtexit.o(.ARM.Collect$$rtexit$$00000000) for __rt_exit
    defsig_fpe_outer.o(.text) refers to defsig_fpe_inner.o(.text) for __rt_SIGFPE_inner
    defsig_fpe_outer.o(.text) refers to defsig_exit.o(.text) for __sig_exit
    defsig_fpe_formal.o(.text) refers to rt_raise.o(.text) for __rt_raise
    libinit.o(.ARM.Collect$$libinit$$00000000) refers (Special) to libinit2.o(.ARM.Collect$$libinit$$0000002C) for __rt_lib_init_alloca_1
    libinit.o(.ARM.Collect$$libinit$$00000000) refers (Special) to libinit2.o(.ARM.Collect$$libinit$$0000002A) for __rt_lib_init_argv_1
    libinit.o(.ARM.Collect$$libinit$$00000000) refers (Special) to libinit2.o(.ARM.Collect$$libinit$$00000019) for __rt_lib_init_atexit_1
    libinit.o(.ARM.Collect$$libinit$$00000000) refers (Special) to libinit2.o(.ARM.Collect$$libinit$$0000001F) for __rt_lib_init_clock_1
    libinit.o(.ARM.Collect$$libinit$$00000000) refers (Special) to libinit2.o(.ARM.Collect$$libinit$$00000030) for __rt_lib_init_cpp_1
    libinit.o(.ARM.Collect$$libinit$$00000000) refers (Special) to libinit2.o(.ARM.Collect$$libinit$$0000002E) for __rt_lib_init_exceptions_1
    libinit.o(.ARM.Collect$$libinit$$00000000) refers (Special) to libinit2.o(.ARM.Collect$$libinit$$00000002) for __rt_lib_init_fp_1
    libinit.o(.ARM.Collect$$libinit$$00000000) refers (Special) to libinit2.o(.ARM.Collect$$libinit$$0000001D) for __rt_lib_init_fp_trap_1
    libinit.o(.ARM.Collect$$libinit$$00000000) refers (Special) to libinit2.o(.ARM.Collect$$libinit$$00000021) for __rt_lib_init_getenv_1
    libinit.o(.ARM.Collect$$libinit$$00000000) refers (Special) to libinit2.o(.ARM.Collect$$libinit$$00000008) for __rt_lib_init_heap_1
    libinit.o(.ARM.Collect$$libinit$$00000000) refers (Special) to libinit2.o(.ARM.Collect$$libinit$$0000000F) for __rt_lib_init_lc_collate_1
    libinit.o(.ARM.Collect$$libinit$$00000000) refers (Special) to libinit2.o(.ARM.Collect$$libinit$$00000011) for __rt_lib_init_lc_ctype_1
    libinit.o(.ARM.Collect$$libinit$$00000000) refers (Special) to libinit2.o(.ARM.Collect$$libinit$$00000013) for __rt_lib_init_lc_monetary_1
    libinit.o(.ARM.Collect$$libinit$$00000000) refers (Special) to libinit2.o(.ARM.Collect$$libinit$$00000015) for __rt_lib_init_lc_numeric_1
    libinit.o(.ARM.Collect$$libinit$$00000000) refers (Special) to libinit2.o(.ARM.Collect$$libinit$$00000017) for __rt_lib_init_lc_time_1
    libinit.o(.ARM.Collect$$libinit$$00000000) refers (Special) to libinit2.o(.ARM.Collect$$libinit$$0000000C) for __rt_lib_init_rand_1
    libinit.o(.ARM.Collect$$libinit$$00000000) refers (Special) to libinit2.o(.ARM.Collect$$libinit$$00000031) for __rt_lib_init_return
    libinit.o(.ARM.Collect$$libinit$$00000000) refers (Special) to libinit2.o(.ARM.Collect$$libinit$$0000001B) for __rt_lib_init_signal_1
    libinit.o(.ARM.Collect$$libinit$$00000000) refers (Special) to libinit2.o(.ARM.Collect$$libinit$$00000023) for __rt_lib_init_stdio_1
    libinit.o(.ARM.Collect$$libinit$$00000000) refers (Special) to libinit2.o(.ARM.Collect$$libinit$$0000000A) for __rt_lib_init_user_alloc_1
    libspace.o(.text) refers to libspace.o(.bss) for __libspace_start
    rtexit.o(.ARM.Collect$$rtexit$$00000000) refers (Special) to rtexit2.o(.ARM.Collect$$rtexit$$00000004) for __rt_exit_exit
    rtexit.o(.ARM.Collect$$rtexit$$00000000) refers (Special) to rtexit2.o(.ARM.Collect$$rtexit$$00000003) for __rt_exit_ls
    rtexit.o(.ARM.Collect$$rtexit$$00000000) refers (Special) to rtexit2.o(.ARM.Collect$$rtexit$$00000002) for __rt_exit_prels_1
    rtexit.o(.ARM.exidx) refers (Special) to rtexit2.o(.ARM.Collect$$rtexit$$00000004) for __rt_exit_exit
    rtexit.o(.ARM.exidx) refers (Special) to rtexit2.o(.ARM.Collect$$rtexit$$00000003) for __rt_exit_ls
    rtexit.o(.ARM.exidx) refers (Special) to rtexit2.o(.ARM.Collect$$rtexit$$00000002) for __rt_exit_prels_1
    rtexit.o(.ARM.exidx) refers to rtexit.o(.ARM.Collect$$rtexit$$00000000) for .ARM.Collect$$rtexit$$00000000
    rt_raise.o(.text) refers to __raise.o(.text) for __raise
    rt_raise.o(.text) refers to sys_exit.o(.text) for _sys_exit
    defsig_exit.o(.text) refers to sys_exit.o(.text) for _sys_exit
    defsig_fpe_inner.o(.text) refers to defsig_general.o(.text) for __default_signal_display
    libinit2.o(.ARM.Collect$$libinit$$00000001) refers to fpinit.o(x$fpl$fpinit) for _fp_init
    libinit2.o(.ARM.Collect$$libinit$$0000000E) refers to libinit2.o(.ARM.Collect$$libinit$$0000000D) for .ARM.Collect$$libinit$$0000000D
    libinit2.o(.ARM.Collect$$libinit$$00000010) refers to libinit2.o(.ARM.Collect$$libinit$$0000000D) for .ARM.Collect$$libinit$$0000000D
    libinit2.o(.ARM.Collect$$libinit$$00000012) refers to libinit2.o(.ARM.Collect$$libinit$$0000000D) for .ARM.Collect$$libinit$$0000000D
    libinit2.o(.ARM.Collect$$libinit$$00000014) refers to libinit2.o(.ARM.Collect$$libinit$$0000000D) for .ARM.Collect$$libinit$$0000000D
    libinit2.o(.ARM.Collect$$libinit$$00000016) refers to libinit2.o(.ARM.Collect$$libinit$$0000000D) for .ARM.Collect$$libinit$$0000000D
    libinit2.o(.ARM.Collect$$libinit$$00000024) refers to argv_veneer.o(.emb_text) for __ARM_argv_veneer
    libinit2.o(.ARM.Collect$$libinit$$00000025) refers to argv_veneer.o(.emb_text) for __ARM_argv_veneer
    sys_exit.o(.text) refers (Special) to use_no_semi.o(.text) for __I$use$semihosting
    sys_exit.o(.text) refers (Special) to indicate_semi.o(.text) for __semihosting_library_function
    rtexit2.o(.ARM.Collect$$rtexit$$00000003) refers to libshutdown.o(.ARM.Collect$$libshutdown$$00000000) for __rt_lib_shutdown
    rtexit2.o(.ARM.Collect$$rtexit$$00000004) refers to sys_exit.o(.text) for _sys_exit
    rtexit2.o(.ARM.exidx) refers to rtexit2.o(.ARM.Collect$$rtexit$$00000001) for .ARM.Collect$$rtexit$$00000001
    rtexit2.o(.ARM.exidx) refers to rtexit2.o(.ARM.Collect$$rtexit$$00000003) for .ARM.Collect$$rtexit$$00000003
    rtexit2.o(.ARM.exidx) refers to rtexit2.o(.ARM.Collect$$rtexit$$00000004) for .ARM.Collect$$rtexit$$00000004
    __raise.o(.text) refers to __raise.o(i.__ARM_common_call_via_r2) for __ARM_common_call_via_r2
    __raise.o(.text) refers to defsig.o(CL$$defsig) for __default_signal_handler
    defsig_general.o(.text) refers to sys_wrch.o(.text) for _ttywrch
    argv_veneer.o(.emb_text) refers to no_argv.o(.text) for __ARM_get_argv
    sys_wrch.o(.text) refers (Special) to use_no_semi.o(.text) for __I$use$semihosting
    sys_wrch.o(.text) refers (Special) to indicate_semi.o(.text) for __semihosting_library_function
    defsig.o(CL$$defsig) refers to defsig_fpe_inner.o(.text) for __rt_SIGFPE_inner
    defsig.o(CL$$defsig) refers to defsig_rtmem_inner.o(.text) for __rt_SIGRTMEM_inner
    _get_argv_nomalloc.o(.text) refers (Special) to hrguard.o(.text) for __heap_region$guard
    _get_argv_nomalloc.o(.text) refers to defsig_rtmem_outer.o(.text) for __rt_SIGRTMEM
    _get_argv_nomalloc.o(.text) refers to sys_command.o(.text) for _sys_command_string
    libshutdown.o(.ARM.Collect$$libshutdown$$00000000) refers (Special) to libshutdown2.o(.ARM.Collect$$libshutdown$$00000006) for __rt_lib_shutdown_fp_trap_1
    libshutdown.o(.ARM.Collect$$libshutdown$$00000000) refers (Special) to libshutdown2.o(.ARM.Collect$$libshutdown$$0000000E) for __rt_lib_shutdown_heap_1
    libshutdown.o(.ARM.Collect$$libshutdown$$00000000) refers (Special) to libshutdown2.o(.ARM.Collect$$libshutdown$$0000000F) for __rt_lib_shutdown_return
    libshutdown.o(.ARM.Collect$$libshutdown$$00000000) refers (Special) to libshutdown2.o(.ARM.Collect$$libshutdown$$00000009) for __rt_lib_shutdown_signal_1
    libshutdown.o(.ARM.Collect$$libshutdown$$00000000) refers (Special) to libshutdown2.o(.ARM.Collect$$libshutdown$$00000003) for __rt_lib_shutdown_stdio_1
    libshutdown.o(.ARM.Collect$$libshutdown$$00000000) refers (Special) to libshutdown2.o(.ARM.Collect$$libshutdown$$0000000B) for __rt_lib_shutdown_user_alloc_1
    sys_command.o(.text) refers (Special) to use_no_semi.o(.text) for __I$use$semihosting
    sys_command.o(.text) refers (Special) to indicate_semi.o(.text) for __semihosting_library_function
    defsig_abrt_inner.o(.text) refers to defsig_general.o(.text) for __default_signal_display
    defsig_rtred_inner.o(.text) refers to defsig_general.o(.text) for __default_signal_display
    defsig_rtmem_inner.o(.text) refers to defsig_general.o(.text) for __default_signal_display
    defsig_rtmem_outer.o(.text) refers to defsig_rtmem_inner.o(.text) for __rt_SIGRTMEM_inner
    defsig_rtmem_outer.o(.text) refers to defsig_exit.o(.text) for __sig_exit
    defsig_rtmem_formal.o(.text) refers to rt_raise.o(.text) for __rt_raise
    defsig_stak_inner.o(.text) refers to defsig_general.o(.text) for __default_signal_display
    defsig_pvfn_inner.o(.text) refers to defsig_general.o(.text) for __default_signal_display
    defsig_cppl_inner.o(.text) refers to defsig_general.o(.text) for __default_signal_display
    defsig_segv_inner.o(.text) refers to defsig_general.o(.text) for __default_signal_display
    defsig_other.o(.text) refers to defsig_general.o(.text) for __default_signal_display


==============================================================================

Removing Unused input sections from the image.

    Removing timer1.o(.text), (116 bytes).

1 unused section(s) (total 116 bytes) removed from the image.

==============================================================================

Adding Veneers to the image

    Adding AT veneer (8 bytes, Inline) for call to '__rt_lib_init' from rtentry2.o(.ARM.Collect$$rtentry$$0000000A).
    Adding AT veneer (8 bytes, Inline) for call to '__rt_lib_shutdown' from rtexit2.o(.ARM.Collect$$rtexit$$00000003).
    Adding TA veneer (4 bytes, Inline) for call to '__rt_exit' from exit.o(.text).
    Adding AT veneer (8 bytes, Inline) for call to '_sys_exit' from rtexit2.o(.ARM.Collect$$rtexit$$00000004).

4 Veneer(s) (total 28 bytes) added to the image.

==============================================================================

Image Symbol Table

    Local Symbols

    Symbol Name                              Value     Ov Type        Size  Object(Section)

    RESET                                    0x00000000   Section      280  startup.o(RESET)
    ../clib/angel/boardlib.s                 0x00000000   Number         0  boardinit1.o ABSOLUTE
    ../clib/angel/boardlib.s                 0x00000000   Number         0  boardinit3.o ABSOLUTE
    ../clib/angel/boardlib.s                 0x00000000   Number         0  boardshut.o ABSOLUTE
    ../clib/angel/boardlib.s                 0x00000000   Number         0  boardinit2.o ABSOLUTE
    ../clib/angel/handlers.s                 0x00000000   Number         0  __scatter_copy.o ABSOLUTE
    ../clib/angel/handlers.s                 0x00000000   Number         0  __scatter_zi.o ABSOLUTE
    ../clib/angel/kernel.s                   0x00000000   Number         0  rtentry.o ABSOLUTE
    ../clib/angel/kernel.s                   0x00000000   Number         0  rtentry4.o ABSOLUTE
    ../clib/angel/kernel.s                   0x00000000   Number         0  rtexit.o ABSOLUTE
    ../clib/angel/kernel.s                   0x00000000   Number         0  rtentry2.o ABSOLUTE
    ../clib/angel/kernel.s                   0x00000000   Number         0  rtexit2.o ABSOLUTE
    ../clib/angel/rt.s                       0x00000000   Number         0  rt_div0.o ABSOLUTE
    ../clib/angel/rt.s                       0x00000000   Number         0  rt_raise.o ABSOLUTE
    ../clib/angel/rt.s                       0x00000000   Number         0  aeabi_idiv0_sigfpe.o ABSOLUTE
    ../clib/angel/rt.s                       0x00000000   Number         0  aeabi_idiv0.o ABSOLUTE
    ../clib/angel/scatter.s                  0x00000000   Number         0  __scatter.o ABSOLUTE
    ../clib/angel/startup.s                  0x00000000   Number         0  __main.o ABSOLUTE
    ../clib/angel/sys.s                      0x00000000   Number         0  use_no_semi.o ABSOLUTE
    ../clib/angel/sys.s                      0x00000000   Number         0  libspace.o ABSOLUTE
    ../clib/angel/sys.s                      0x00000000   Number         0  indicate_semi.o ABSOLUTE
    ../clib/angel/sys.s                      0x00000000   Number         0  sys_stackheap_outer.o ABSOLUTE
    ../clib/angel/sysapp.c                   0x00000000   Number         0  sys_command.o ABSOLUTE
    ../clib/angel/sysapp.c                   0x00000000   Number         0  sys_exit.o ABSOLUTE
    ../clib/angel/sysapp.c                   0x00000000   Number         0  sys_wrch.o ABSOLUTE
    ../clib/armsys.c                         0x00000000   Number         0  no_argv.o ABSOLUTE
    ../clib/armsys.c                         0x00000000   Number         0  argv_veneer.o ABSOLUTE
    ../clib/armsys.c                         0x00000000   Number         0  argv_veneer.o ABSOLUTE
    ../clib/armsys.c                         0x00000000   Number         0  _get_argv_nomalloc.o ABSOLUTE
    ../clib/division.s                       0x00000000   Number         0  aeabi_sdiv.o ABSOLUTE
    ../clib/division.s                       0x00000000   Number         0  aeabi_sdiv_div0.o ABSOLUTE
    ../clib/divrt.s                          0x00000000   Number         0  divrt_7tdmi_div0.o ABSOLUTE
    ../clib/divrt.s                          0x00000000   Number         0  divrt_7tdmi.o ABSOLUTE
    ../clib/heapalloc.c                      0x00000000   Number         0  hrguard.o ABSOLUTE
    ../clib/heapaux.c                        0x00000000   Number         0  heapauxi.o ABSOLUTE
    ../clib/libinit.s                        0x00000000   Number         0  libshutdown2.o ABSOLUTE
    ../clib/libinit.s                        0x00000000   Number         0  libshutdown.o ABSOLUTE
    ../clib/libinit.s                        0x00000000   Number         0  libinit2.o ABSOLUTE
    ../clib/libinit.s                        0x00000000   Number         0  libinit.o ABSOLUTE
    ../clib/memcpset.s                       0x00000000   Number         0  rt_memcpy.o ABSOLUTE
    ../clib/memcpset.s                       0x00000000   Number         0  rt_memcpy_w.o ABSOLUTE
    ../clib/signal.c                         0x00000000   Number         0  defsig_rtred_inner.o ABSOLUTE
    ../clib/signal.c                         0x00000000   Number         0  defsig_rtmem_outer.o ABSOLUTE
    ../clib/signal.c                         0x00000000   Number         0  defsig_rtmem_formal.o ABSOLUTE
    ../clib/signal.c                         0x00000000   Number         0  defsig_fpe_formal.o ABSOLUTE
    ../clib/signal.c                         0x00000000   Number         0  defsig_stak_inner.o ABSOLUTE
    ../clib/signal.c                         0x00000000   Number         0  defsig_pvfn_inner.o ABSOLUTE
    ../clib/signal.c                         0x00000000   Number         0  defsig_cppl_inner.o ABSOLUTE
    ../clib/signal.c                         0x00000000   Number         0  defsig_segv_inner.o ABSOLUTE
    ../clib/signal.c                         0x00000000   Number         0  defsig_other.o ABSOLUTE
    ../clib/signal.c                         0x00000000   Number         0  defsig_fpe_outer.o ABSOLUTE
    ../clib/signal.c                         0x00000000   Number         0  defsig_rtmem_inner.o ABSOLUTE
    ../clib/signal.c                         0x00000000   Number         0  defsig_exit.o ABSOLUTE
    ../clib/signal.c                         0x00000000   Number         0  defsig_fpe_inner.o ABSOLUTE
    ../clib/signal.c                         0x00000000   Number         0  __raise.o ABSOLUTE
    ../clib/signal.c                         0x00000000   Number         0  defsig_general.o ABSOLUTE
    ../clib/signal.c                         0x00000000   Number         0  defsig_abrt_inner.o ABSOLUTE
    ../clib/signal.s                         0x00000000   Number         0  defsig.o ABSOLUTE
    ../clib/stdlib.c                         0x00000000   Number         0  exit.o ABSOLUTE
    ../fplib/fpinit.s                        0x00000000   Number         0  fpinit.o ABSOLUTE
    ..\lib_uCdragon\LCD\LCD_YM12864I.c       0x00000000   Number         0  lcd_ym12864i.o ABSOLUTE
    ..\lib_uCdragon\board.c                  0x00000000   Number         0  board.o ABSOLUTE
    ..\lib_uCdragon\timers\timer.c           0x00000000   Number         0  timer.o ABSOLUTE
    ..\lib_uCdragon\timers\timer1.c          0x00000000   Number         0  timer1.o ABSOLUTE
    Startup.s                                0x00000000   Number         0  startup.o ABSOLUTE
    coda.c                                   0x00000000   Number         0  coda.o ABSOLUTE
    dc.s                                     0x00000000   Number         0  dc.o ABSOLUTE
    gestioneStampaStringhe.c                 0x00000000   Number         0  gestionestampastringhe.o ABSOLUTE
    gioco.c                                  0x00000000   Number         0  gioco.o ABSOLUTE
    main.c                                   0x00000000   Number         0  main.o ABSOLUTE
    muro.c                                   0x00000000   Number         0  muro.o ABSOLUTE
    pedina.c                                 0x00000000   Number         0  pedina.o ABSOLUTE
    random.c                                 0x00000000   Number         0  random.o ABSOLUTE
    uart.c                                   0x00000000   Number         0  uart.o ABSOLUTE
    Undef_Handler                            0x00000040   ARM Code       4  startup.o(RESET)
    SWI_Handler                              0x00000044   ARM Code       4  startup.o(RESET)
    PAbt_Handler                             0x00000048   ARM Code       4  startup.o(RESET)
    DAbt_Handler                             0x0000004c   ARM Code       4  startup.o(RESET)
    !!!main                                  0x00000118   Section        8  __main.o(!!!main)
    !!!scatter                               0x00000120   Section       60  __scatter.o(!!!scatter)
    !!handler_copy                           0x0000015c   Section       40  __scatter_copy.o(!!handler_copy)
    !!handler_zi                             0x00000184   Section       44  __scatter_zi.o(!!handler_zi)
    .ARM.Collect$$libinit$$00000000          0x000001b8   Section        2  libinit.o(.ARM.Collect$$libinit$$00000000)
    .ARM.Collect$$libinit$$00000002          0x000001ba   Section        0  libinit2.o(.ARM.Collect$$libinit$$00000002)
    .ARM.Collect$$libinit$$00000008          0x000001ba   Section        0  libinit2.o(.ARM.Collect$$libinit$$00000008)
    .ARM.Collect$$libinit$$0000000A          0x000001ba   Section        0  libinit2.o(.ARM.Collect$$libinit$$0000000A)
    .ARM.Collect$$libinit$$0000000C          0x000001ba   Section        0  libinit2.o(.ARM.Collect$$libinit$$0000000C)
    .ARM.Collect$$libinit$$0000000F          0x000001ba   Section        0  libinit2.o(.ARM.Collect$$libinit$$0000000F)
    .ARM.Collect$$libinit$$00000011          0x000001ba   Section        0  libinit2.o(.ARM.Collect$$libinit$$00000011)
    .ARM.Collect$$libinit$$00000013          0x000001ba   Section        0  libinit2.o(.ARM.Collect$$libinit$$00000013)
    .ARM.Collect$$libinit$$00000015          0x000001ba   Section        0  libinit2.o(.ARM.Collect$$libinit$$00000015)
    .ARM.Collect$$libinit$$00000017          0x000001ba   Section        0  libinit2.o(.ARM.Collect$$libinit$$00000017)
    .ARM.Collect$$libinit$$00000019          0x000001ba   Section        0  libinit2.o(.ARM.Collect$$libinit$$00000019)
    .ARM.Collect$$libinit$$0000001B          0x000001ba   Section        0  libinit2.o(.ARM.Collect$$libinit$$0000001B)
    .ARM.Collect$$libinit$$0000001D          0x000001ba   Section        0  libinit2.o(.ARM.Collect$$libinit$$0000001D)
    .ARM.Collect$$libinit$$0000001F          0x000001ba   Section        0  libinit2.o(.ARM.Collect$$libinit$$0000001F)
    .ARM.Collect$$libinit$$00000021          0x000001ba   Section        0  libinit2.o(.ARM.Collect$$libinit$$00000021)
    .ARM.Collect$$libinit$$00000023          0x000001ba   Section        0  libinit2.o(.ARM.Collect$$libinit$$00000023)
    .ARM.Collect$$libinit$$0000002A          0x000001ba   Section        0  libinit2.o(.ARM.Collect$$libinit$$0000002A)
    .ARM.Collect$$libinit$$0000002C          0x000001ba   Section        0  libinit2.o(.ARM.Collect$$libinit$$0000002C)
    .ARM.Collect$$libinit$$0000002E          0x000001ba   Section        0  libinit2.o(.ARM.Collect$$libinit$$0000002E)
    .ARM.Collect$$libinit$$00000030          0x000001ba   Section        0  libinit2.o(.ARM.Collect$$libinit$$00000030)
    .ARM.Collect$$libinit$$00000031          0x000001ba   Section       12  libinit2.o(.ARM.Collect$$libinit$$00000031)
    .ARM.Collect$$libshutdown$$00000000      0x000001d0   Section        4  libshutdown.o(.ARM.Collect$$libshutdown$$00000000)
    .ARM.Collect$$libshutdown$$00000003      0x000001d4   Section        0  libshutdown2.o(.ARM.Collect$$libshutdown$$00000003)
    .ARM.Collect$$libshutdown$$00000006      0x000001d4   Section        0  libshutdown2.o(.ARM.Collect$$libshutdown$$00000006)
    .ARM.Collect$$libshutdown$$00000009      0x000001d4   Section        0  libshutdown2.o(.ARM.Collect$$libshutdown$$00000009)
    .ARM.Collect$$libshutdown$$0000000B      0x000001d4   Section        0  libshutdown2.o(.ARM.Collect$$libshutdown$$0000000B)
    .ARM.Collect$$libshutdown$$0000000E      0x000001d4   Section        0  libshutdown2.o(.ARM.Collect$$libshutdown$$0000000E)
    .ARM.Collect$$libshutdown$$0000000F      0x000001d4   Section        6  libshutdown2.o(.ARM.Collect$$libshutdown$$0000000F)
    .ARM.Collect$$rtentry$$00000000          0x000001dc   Section        0  rtentry.o(.ARM.Collect$$rtentry$$00000000)
    .ARM.Collect$$rtentry$$00000002          0x000001dc   Section        0  rtentry2.o(.ARM.Collect$$rtentry$$00000002)
    .ARM.Collect$$rtentry$$00000004          0x000001dc   Section        8  rtentry4.o(.ARM.Collect$$rtentry$$00000004)
    .ARM.Collect$$rtentry$$00000009          0x000001e4   Section        0  rtentry2.o(.ARM.Collect$$rtentry$$00000009)
    .ARM.Collect$$rtentry$$0000000A          0x000001e4   Section        4  rtentry2.o(.ARM.Collect$$rtentry$$0000000A)
    .ARM.Collect$$rtentry$$0000000C          0x000001e8   Section        0  rtentry2.o(.ARM.Collect$$rtentry$$0000000C)
    .ARM.Collect$$rtentry$$0000000D          0x000001e8   Section       40  rtentry2.o(.ARM.Collect$$rtentry$$0000000D)
    .ARM.Collect$$rtexit$$00000000           0x00000214   Section        4  rtexit.o(.ARM.Collect$$rtexit$$00000000)
    .ARM.Collect$$rtexit$$00000002           0x00000218   Section        0  rtexit2.o(.ARM.Collect$$rtexit$$00000002)
    .ARM.Collect$$rtexit$$00000003           0x00000218   Section        4  rtexit2.o(.ARM.Collect$$rtexit$$00000003)
    .ARM.Collect$$rtexit$$00000004           0x0000021c   Section        8  rtexit2.o(.ARM.Collect$$rtexit$$00000004)
    .text                                    0x00000224   Section       32  startup.o(.text)
    .text                                    0x00000244   Section        0  main.o(.text)
    .text                                    0x00001d4c   Section        0  pedina.o(.text)
    .text                                    0x00001f6c   Section        0  muro.o(.text)
    .text                                    0x00002398   Section        0  gestionestampastringhe.o(.text)
    .text                                    0x00002bdc   Section        0  gioco.o(.text)
    .text                                    0x00005824   Section        0  uart.o(.text)
    .text                                    0x00005ab0   Section        0  coda.o(.text)
    .text                                    0x00005bc4   Section        0  random.o(.text)
    .text                                    0x00005c10   Section        0  board.o(.text)
    .text                                    0x00005ed0   Section        0  lcd_ym12864i.o(.text)
    .text                                    0x00006460   Section        0  timer.o(.text)
    .text                                    0x000064d4   Section      212  rt_memcpy.o(.text)
    .text                                    0x000065a8   Section      100  rt_memcpy_w.o(.text)
    .text                                    0x0000660c   Section      384  aeabi_sdiv.o(.text)
    __arm_div8                               0x00006638   ARM Code       0  aeabi_sdiv.o(.text)
    __arm_div5                               0x0000665c   ARM Code       0  aeabi_sdiv.o(.text)
    __arm_div2                               0x00006680   ARM Code       0  aeabi_sdiv.o(.text)
    __arm_div_large                          0x000066bc   ARM Code       0  aeabi_sdiv.o(.text)
    .text                                    0x0000678c   Section        0  heapauxi.o(.text)
    .text                                    0x00006794   Section       96  sys_stackheap_outer.o(.text)
    .text                                    0x000067f4   Section        0  exit.o(.text)
    .text                                    0x00006800   Section       12  libspace.o(.text)
    .text                                    0x00006814   Section        0  sys_exit.o(.text)
    .text                                    0x00006820   Section        4  use_no_semi.o(.text)
    .constdata                               0x00006824   Section      228  gestionestampastringhe.o(.constdata)
    .text                                    0x00006824   Section        0  indicate_semi.o(.text)
    numero                                   0x00006824   Data          66  gestionestampastringhe.o(.constdata)
    lettera                                  0x00006866   Data         162  gestionestampastringhe.o(.constdata)
    .data                                    0x40000000   Section      206  main.o(.data)
    .data                                    0x400000ce   Section        4  gestionestampastringhe.o(.data)
    .data                                    0x400000d2   Section        1  gioco.o(.data)
    .data                                    0x400000d4   Section        4  random.o(.data)
    next                                     0x400000d4   Data           4  random.o(.data)
    .bss                                     0x400000d8   Section    10968  main.o(.bss)
    .bss                                     0x40002bb0   Section       42  muro.o(.bss)
    .bss                                     0x40002bdc   Section      362  gioco.o(.bss)
    .bss                                     0x40002d48   Section       96  libspace.o(.bss)
    HEAP                                     0x40002da8   Section        0  startup.o(HEAP)
    STACK                                    0x40002da8   Section     1160  startup.o(STACK)
    Heap_Mem                                 0x40002da8   Data           0  startup.o(HEAP)
    Stack_Mem                                0x40002da8   Data        1024  startup.o(STACK)
    Stack_Top                                0x40003230   Data           0  startup.o(STACK)

    Global Symbols

    Symbol Name                              Value     Ov Type        Size  Object(Section)

    BuildAttributes$$THM_ISAv1$ARM_ISAv4$S$PE$A:L22$X:L11$S22$IEEE1$IW$USESV6$~STKCKD$USESV7$~SHL$OSPACE$ROPI$EBA8$UX$STANDARDLIB$REQ8$PRES8$EABIv2 0x00000000   Number         0  anon$$obj.o ABSOLUTE
    __ARM_use_no_argv                        0x00000000   Number         0  main.o ABSOLUTE
    __ARM_exceptions_init                     - Undefined Weak Reference
    __alloca_initialize                       - Undefined Weak Reference
    __cpp_initialize__aeabi_                  - Undefined Weak Reference
    __cxa_finalize                            - Undefined Weak Reference
    __rt_locale                               - Undefined Weak Reference
    __sigvec_lookup                           - Undefined Weak Reference
    _atexit_init                              - Undefined Weak Reference
    _call_atexit_fns                          - Undefined Weak Reference
    _clock_init                               - Undefined Weak Reference
    _fp_trap_init                             - Undefined Weak Reference
    _fp_trap_shutdown                         - Undefined Weak Reference
    _get_lc_collate                           - Undefined Weak Reference
    _get_lc_ctype                             - Undefined Weak Reference
    _get_lc_monetary                          - Undefined Weak Reference
    _get_lc_numeric                           - Undefined Weak Reference
    _get_lc_time                              - Undefined Weak Reference
    _getenv_init                              - Undefined Weak Reference
    _handle_redirection                       - Undefined Weak Reference
    _init_alloc                               - Undefined Weak Reference
    _init_user_alloc                          - Undefined Weak Reference
    _initio                                   - Undefined Weak Reference
    _rand_init                                - Undefined Weak Reference
    _signal_finish                            - Undefined Weak Reference
    _signal_init                              - Undefined Weak Reference
    _terminate_alloc                          - Undefined Weak Reference
    _terminate_user_alloc                     - Undefined Weak Reference
    _terminateio                              - Undefined Weak Reference
    Reset_Handler                            0x00000050   ARM Code       0  startup.o(RESET)
    __main                                   0x00000118   ARM Code       8  __main.o(!!!main)
    __scatterload                            0x00000120   ARM Code       0  __scatter.o(!!!scatter)
    __scatterload_rt2                        0x00000120   ARM Code      52  __scatter.o(!!!scatter)
    __scatterload_null                       0x00000134   ARM Code       0  __scatter.o(!!!scatter)
    __scatterload_copy                       0x0000015c   ARM Code      40  __scatter_copy.o(!!handler_copy)
    __scatterload_zeroinit                   0x00000184   ARM Code      44  __scatter_zi.o(!!handler_zi)
    Inline ARM to Thumb Veneer to __rt_lib_init 0x000001b0   ARM Code       8  libinit.o(.ARM.Collect$$libinit$$00000000)
    __rt_lib_init                            0x000001b9   Thumb Code     0  libinit.o(.ARM.Collect$$libinit$$00000000)
    __rt_lib_init_alloca_1                   0x000001bb   Thumb Code     0  libinit2.o(.ARM.Collect$$libinit$$0000002C)
    __rt_lib_init_argv_1                     0x000001bb   Thumb Code     0  libinit2.o(.ARM.Collect$$libinit$$0000002A)
    __rt_lib_init_atexit_1                   0x000001bb   Thumb Code     0  libinit2.o(.ARM.Collect$$libinit$$00000019)
    __rt_lib_init_clock_1                    0x000001bb   Thumb Code     0  libinit2.o(.ARM.Collect$$libinit$$0000001F)
    __rt_lib_init_cpp_1                      0x000001bb   Thumb Code     0  libinit2.o(.ARM.Collect$$libinit$$00000030)
    __rt_lib_init_exceptions_1               0x000001bb   Thumb Code     0  libinit2.o(.ARM.Collect$$libinit$$0000002E)
    __rt_lib_init_fp_1                       0x000001bb   Thumb Code     0  libinit2.o(.ARM.Collect$$libinit$$00000002)
    __rt_lib_init_fp_trap_1                  0x000001bb   Thumb Code     0  libinit2.o(.ARM.Collect$$libinit$$0000001D)
    __rt_lib_init_getenv_1                   0x000001bb   Thumb Code     0  libinit2.o(.ARM.Collect$$libinit$$00000021)
    __rt_lib_init_heap_1                     0x000001bb   Thumb Code     0  libinit2.o(.ARM.Collect$$libinit$$00000008)
    __rt_lib_init_lc_collate_1               0x000001bb   Thumb Code     0  libinit2.o(.ARM.Collect$$libinit$$0000000F)
    __rt_lib_init_lc_ctype_1                 0x000001bb   Thumb Code     0  libinit2.o(.ARM.Collect$$libinit$$00000011)
    __rt_lib_init_lc_monetary_1              0x000001bb   Thumb Code     0  libinit2.o(.ARM.Collect$$libinit$$00000013)
    __rt_lib_init_lc_numeric_1               0x000001bb   Thumb Code     0  libinit2.o(.ARM.Collect$$libinit$$00000015)
    __rt_lib_init_lc_time_1                  0x000001bb   Thumb Code     0  libinit2.o(.ARM.Collect$$libinit$$00000017)
    __rt_lib_init_rand_1                     0x000001bb   Thumb Code     0  libinit2.o(.ARM.Collect$$libinit$$0000000C)
    __rt_lib_init_return                     0x000001bb   Thumb Code     0  libinit2.o(.ARM.Collect$$libinit$$00000031)
    __rt_lib_init_signal_1                   0x000001bb   Thumb Code     0  libinit2.o(.ARM.Collect$$libinit$$0000001B)
    __rt_lib_init_stdio_1                    0x000001bb   Thumb Code     0  libinit2.o(.ARM.Collect$$libinit$$00000023)
    __rt_lib_init_user_alloc_1               0x000001bb   Thumb Code     0  libinit2.o(.ARM.Collect$$libinit$$0000000A)
    Inline ARM to Thumb Veneer to __rt_lib_shutdown 0x000001c8   ARM Code       8  libshutdown.o(.ARM.Collect$$libshutdown$$00000000)
    __rt_lib_shutdown                        0x000001d1   Thumb Code     0  libshutdown.o(.ARM.Collect$$libshutdown$$00000000)
    __rt_lib_shutdown_fp_trap_1              0x000001d5   Thumb Code     0  libshutdown2.o(.ARM.Collect$$libshutdown$$00000006)
    __rt_lib_shutdown_heap_1                 0x000001d5   Thumb Code     0  libshutdown2.o(.ARM.Collect$$libshutdown$$0000000E)
    __rt_lib_shutdown_return                 0x000001d5   Thumb Code     0  libshutdown2.o(.ARM.Collect$$libshutdown$$0000000F)
    __rt_lib_shutdown_signal_1               0x000001d5   Thumb Code     0  libshutdown2.o(.ARM.Collect$$libshutdown$$00000009)
    __rt_lib_shutdown_stdio_1                0x000001d5   Thumb Code     0  libshutdown2.o(.ARM.Collect$$libshutdown$$00000003)
    __rt_lib_shutdown_user_alloc_1           0x000001d5   Thumb Code     0  libshutdown2.o(.ARM.Collect$$libshutdown$$0000000B)
    __rt_entry                               0x000001dc   ARM Code       0  rtentry.o(.ARM.Collect$$rtentry$$00000000)
    __rt_entry_presh_1                       0x000001dc   ARM Code       0  rtentry2.o(.ARM.Collect$$rtentry$$00000002)
    __rt_entry_sh                            0x000001dc   ARM Code       0  rtentry4.o(.ARM.Collect$$rtentry$$00000004)
    __rt_entry_li                            0x000001e4   ARM Code       0  rtentry2.o(.ARM.Collect$$rtentry$$0000000A)
    __rt_entry_postsh_1                      0x000001e4   ARM Code       0  rtentry2.o(.ARM.Collect$$rtentry$$00000009)
    __rt_entry_main                          0x000001e8   ARM Code       0  rtentry2.o(.ARM.Collect$$rtentry$$0000000D)
    __rt_entry_postli_1                      0x000001e8   ARM Code       0  rtentry2.o(.ARM.Collect$$rtentry$$0000000C)
    Inline Thumb to ARM Veneer to __rt_exit  0x00000211   Thumb Code     4  rtexit.o(.ARM.Collect$$rtexit$$00000000)
    __rt_exit                                0x00000214   ARM Code       0  rtexit.o(.ARM.Collect$$rtexit$$00000000)
    __rt_exit_ls                             0x00000218   ARM Code       0  rtexit2.o(.ARM.Collect$$rtexit$$00000003)
    __rt_exit_prels_1                        0x00000218   ARM Code       0  rtexit2.o(.ARM.Collect$$rtexit$$00000002)
    __rt_exit_exit                           0x0000021c   ARM Code       0  rtexit2.o(.ARM.Collect$$rtexit$$00000004)
    __user_initial_stackheap                 0x00000224   ARM Code       0  startup.o(.text)
    muriInfo                                 0x00000244   ARM Code     216  main.o(.text)
    controlla_vittoria                       0x0000031c   ARM Code      60  main.o(.text)
    inviaMossa                               0x00000358   ARM Code     272  main.o(.text)
    avantiPedina                             0x00000468   ARM Code      48  main.o(.text)
    infoInit                                 0x00000498   ARM Code      84  main.o(.text)
    creaGriglia                              0x000004ec   ARM Code     212  main.o(.text)
    main                                     0x000005c0   ARM Code    1008  main.o(.text)
    IRQ_Handler                              0x000009b0   ARM Code     112  main.o(.text)
    decisioneColore                          0x00000a20   ARM Code     208  main.o(.text)
    s4_control                               0x00000af0   ARM Code     160  main.o(.text)
    s9_control                               0x00000b90   ARM Code     340  main.o(.text)
    s8_control                               0x00000ce4   ARM Code     620  main.o(.text)
    s7_control                               0x00000f50   ARM Code     796  main.o(.text)
    s6_control                               0x0000126c   ARM Code     620  main.o(.text)
    s5_control                               0x000014d8   ARM Code     368  main.o(.text)
    s3_control                               0x00001648   ARM Code     612  main.o(.text)
    s2_control                               0x000018ac   ARM Code     276  main.o(.text)
    FIQ_Handler                              0x000019c0   ARM Code     884  main.o(.text)
    initPedina                               0x00001d4c   ARM Code      40  pedina.o(.text)
    disegnaPedina                            0x00001d74   ARM Code     280  pedina.o(.text)
    rimuoviPedina                            0x00001e8c   ARM Code     124  pedina.o(.text)
    muoviPedina                              0x00001f08   ARM Code     100  pedina.o(.text)
    initMuro                                 0x00001f6c   ARM Code      16  muro.o(.text)
    disegnaMuro                              0x00001f7c   ARM Code     392  muro.o(.text)
    rimuoviMuro                              0x00002104   ARM Code     272  muro.o(.text)
    muoviMuro                                0x00002214   ARM Code      60  muro.o(.text)
    orientaMuro                              0x00002250   ARM Code      52  muro.o(.text)
    piazzaMuro                               0x00002284   ARM Code     272  muro.o(.text)
    itoa                                     0x00002398   ARM Code      52  gestionestampastringhe.o(.text)
    printXY                                  0x000023cc   ARM Code      96  gestionestampastringhe.o(.text)
    putcXY                                   0x0000242c   ARM Code     332  gestionestampastringhe.o(.text)
    putc                                     0x00002578   ARM Code     476  gestionestampastringhe.o(.text)
    puts                                     0x00002754   ARM Code     108  gestionestampastringhe.o(.text)
    init_countdown                           0x000027c0   ARM Code     532  gestionestampastringhe.o(.text)
    dec_countdown                            0x000029d4   ARM Code     236  gestionestampastringhe.o(.text)
    restart_countdown                        0x00002ac0   ARM Code     256  gestionestampastringhe.o(.text)
    init_gioco                               0x00002bdc   ARM Code     636  gioco.o(.text)
    controlla_pedina                         0x00002e58   ARM Code    1524  gioco.o(.text)
    set_pedina                               0x0000344c   ARM Code     148  gioco.o(.text)
    visitaAmpiezza                           0x000034e0   ARM Code    1900  gioco.o(.text)
    percorso_minimo                          0x00003c4c   ARM Code     628  gioco.o(.text)
    controllo_muro                           0x00003ec0   ARM Code    1180  gioco.o(.text)
    set_muro                                 0x0000435c   ARM Code     496  gioco.o(.text)
    controlla_mossa                          0x0000454c   ARM Code     144  gioco.o(.text)
    prova_muro                               0x000045dc   ARM Code     732  gioco.o(.text)
    scegli_muro                              0x000048b8   ARM Code    3948  gioco.o(.text)
    bufferInit                               0x00005824   ARM Code      32  uart.o(.text)
    inserisciBuffer                          0x00005844   ARM Code     112  uart.o(.text)
    prelevaBuffer                            0x000058b4   ARM Code      84  uart.o(.text)
    bufferPronto                             0x00005908   ARM Code      12  uart.o(.text)
    initUart                                 0x00005914   ARM Code      68  uart.o(.text)
    leggiUart                                0x00005958   ARM Code     236  uart.o(.text)
    scriviUart                               0x00005a44   ARM Code      68  uart.o(.text)
    scriviUartChar                           0x00005a88   ARM Code      12  uart.o(.text)
    settaFaseIniziale                        0x00005a94   ARM Code       8  uart.o(.text)
    faseBuffer                               0x00005a9c   ARM Code      12  uart.o(.text)
    initCoda                                 0x00005ab0   ARM Code      16  coda.o(.text)
    getItem                                  0x00005ac0   ARM Code      56  coda.o(.text)
    putItem                                  0x00005af8   ARM Code      60  coda.o(.text)
    isEmpty                                  0x00005b34   ARM Code      36  coda.o(.text)
    isFull                                   0x00005b58   ARM Code      56  coda.o(.text)
    popItem                                  0x00005b90   ARM Code      52  coda.o(.text)
    rand                                     0x00005bc4   ARM Code      52  random.o(.text)
    srand                                    0x00005bf8   ARM Code      12  random.o(.text)
    TargetResetInit                          0x00005c10   ARM Code     144  board.o(.text)
    PortInit                                 0x00005ca0   ARM Code      76  board.o(.text)
    ExternalInterruptInit                    0x00005cec   ARM Code      32  board.o(.text)
    LedSet                                   0x00005d0c   ARM Code     420  board.o(.text)
    Lcd_Command_Left                         0x00005ed0   ARM Code      36  lcd_ym12864i.o(.text)
    Lcd_Command_Right                        0x00005ef4   ARM Code      36  lcd_ym12864i.o(.text)
    Lcd_Data_Left_WR                         0x00005f18   ARM Code      36  lcd_ym12864i.o(.text)
    Lcd_Data_Right_WR                        0x00005f3c   ARM Code      36  lcd_ym12864i.o(.text)
    Lcd_Data_Left_RD                         0x00005f60   ARM Code      36  lcd_ym12864i.o(.text)
    Lcd_Data_Right_RD                        0x00005f84   ARM Code      36  lcd_ym12864i.o(.text)
    Lcd_Clear                                0x00005fa8   ARM Code     108  lcd_ym12864i.o(.text)
    Lcd_Clear_Right                          0x00006014   ARM Code      84  lcd_ym12864i.o(.text)
    Lcd_Clear_Left                           0x00006068   ARM Code      84  lcd_ym12864i.o(.text)
    Lcd_Init                                 0x000060bc   ARM Code     124  lcd_ym12864i.o(.text)
    Lcd_Backlight                            0x00006138   ARM Code      56  lcd_ym12864i.o(.text)
    Lcd_Display_Pic_128X64                   0x00006170   ARM Code     148  lcd_ym12864i.o(.text)
    lcdStart                                 0x00006204   ARM Code      28  lcd_ym12864i.o(.text)
    lcdPrintSx                               0x00006220   ARM Code     188  lcd_ym12864i.o(.text)
    lcdPrintSxUP                             0x000062dc   ARM Code     188  lcd_ym12864i.o(.text)
    lcdPrintDx                               0x00006398   ARM Code     188  lcd_ym12864i.o(.text)
    init_timer                               0x00006460   ARM Code      60  timer.o(.text)
    stop_timer0                              0x0000649c   ARM Code      16  timer.o(.text)
    resume_timer0                            0x000064ac   ARM Code      16  timer.o(.text)
    reset_intr_timer0                        0x000064bc   ARM Code      12  timer.o(.text)
    __aeabi_memcpy                           0x000064d4   ARM Code       0  rt_memcpy.o(.text)
    __rt_memcpy                              0x000064d4   ARM Code     212  rt_memcpy.o(.text)
    _memcpy_lastbytes                        0x00006588   ARM Code       0  rt_memcpy.o(.text)
    __aeabi_memcpy4                          0x000065a8   ARM Code       0  rt_memcpy_w.o(.text)
    __aeabi_memcpy8                          0x000065a8   ARM Code       0  rt_memcpy_w.o(.text)
    __rt_memcpy_w                            0x000065a8   ARM Code     100  rt_memcpy_w.o(.text)
    _memcpy_lastbytes_aligned                0x000065f4   ARM Code       0  rt_memcpy_w.o(.text)
    __aeabi_idiv                             0x0000660c   ARM Code       0  aeabi_sdiv.o(.text)
    __aeabi_idivmod                          0x0000660c   ARM Code     384  aeabi_sdiv.o(.text)
    __use_two_region_memory                  0x0000678d   Thumb Code     2  heapauxi.o(.text)
    __rt_heap_escrow$2region                 0x0000678f   Thumb Code     2  heapauxi.o(.text)
    __rt_heap_expand$2region                 0x00006791   Thumb Code     2  heapauxi.o(.text)
    __user_setup_stackheap                   0x00006794   ARM Code      96  sys_stackheap_outer.o(.text)
    exit                                     0x000067f5   Thumb Code    12  exit.o(.text)
    __user_libspace                          0x00006800   ARM Code      12  libspace.o(.text)
    __user_perproc_libspace                  0x00006800   ARM Code       0  libspace.o(.text)
    __user_perthread_libspace                0x00006800   ARM Code       0  libspace.o(.text)
    Inline ARM to Thumb Veneer to _sys_exit  0x0000680c   ARM Code       8  sys_exit.o(.text)
    _sys_exit                                0x00006815   Thumb Code     8  sys_exit.o(.text)
    __I$use$semihosting                      0x00006820   ARM Code       0  use_no_semi.o(.text)
    __use_no_semihosting_swi                 0x00006820   ARM Code       4  use_no_semi.o(.text)
    __semihosting_library_function           0x00006824   ARM Code       0  indicate_semi.o(.text)
    Region$$Table$$Base                      0x00006908   Number         0  anon$$obj.o(Region$$Table)
    Region$$Table$$Limit                     0x00006928   Number         0  anon$$obj.o(Region$$Table)
    automatico                               0x40000000   Data           1  main.o(.data)
    Pedina_Muro                              0x40000001   Data           1  main.o(.data)
    vittoria                                 0x40000002   Data           1  main.o(.data)
    mossa_corrente                           0x40000003   Data           5  main.o(.data)
    contoRovescia                            0x40000008   Data           1  main.o(.data)
    s2_state                                 0x40000009   Data           1  main.o(.data)
    s3_state                                 0x4000000a   Data           1  main.o(.data)
    s4_state                                 0x4000000b   Data           1  main.o(.data)
    s5_state                                 0x4000000c   Data           1  main.o(.data)
    s6_state                                 0x4000000d   Data           1  main.o(.data)
    s7_state                                 0x4000000e   Data           1  main.o(.data)
    s8_state                                 0x4000000f   Data           1  main.o(.data)
    s9_state                                 0x40000010   Data           1  main.o(.data)
    mio_colore                               0x40000011   Data           1  main.o(.data)
    mio_turno                                0x40000012   Data           1  main.o(.data)
    n_turni                                  0x40000013   Data           1  main.o(.data)
    timeout_mossa                            0x40000014   Data           1  main.o(.data)
    flagInt9                                 0x40000015   Data           1  main.o(.data)
    messaggio1                               0x40000016   Data          11  main.o(.data)
    messaggio2                               0x40000021   Data          11  main.o(.data)
    messaggio3                               0x4000002c   Data          11  main.o(.data)
    messaggio4                               0x40000037   Data          11  main.o(.data)
    messaggio5                               0x40000042   Data          11  main.o(.data)
    messaggio6                               0x4000004d   Data          11  main.o(.data)
    messaggio7                               0x40000058   Data          11  main.o(.data)
    messaggio8                               0x40000063   Data          11  main.o(.data)
    messaggio9                               0x4000006e   Data          11  main.o(.data)
    messaggio11                              0x40000079   Data          11  main.o(.data)
    messaggio12                              0x40000084   Data          11  main.o(.data)
    messaggio13                              0x4000008f   Data          11  main.o(.data)
    messaggio14                              0x4000009a   Data          11  main.o(.data)
    messaggio15                              0x400000a5   Data          11  main.o(.data)
    messaggio16                              0x400000b0   Data          11  main.o(.data)
    svuotaRiga                               0x400000bb   Data          11  main.o(.data)
    m                                        0x400000c6   Data           3  main.o(.data)
    mossa_ricevuta                           0x400000c9   Data           5  main.o(.data)
    cursoreX                                 0x400000ce   Data           1  gestionestampastringhe.o(.data)
    cursoreY                                 0x400000cf   Data           1  gestionestampastringhe.o(.data)
    t                                        0x400000d0   Data           1  gestionestampastringhe.o(.data)
    conto_attuale                            0x400000d1   Data           1  gestionestampastringhe.o(.data)
    flag                                     0x400000d2   Data           1  gioco.o(.data)
    info                                     0x400000d8   Data        4096  main.o(.bss)
    gioco1                                   0x400010d8   Data        6852  main.o(.bss)
    b_ric                                    0x40002b9c   Data          10  main.o(.bss)
    b_inv                                    0x40002ba6   Data          10  main.o(.bss)
    backup                                   0x40002bb0   Data          42  muro.o(.bss)
    c                                        0x40002bdc   Data         332  gioco.o(.bss)
    muriPossibili                            0x40002d28   Data          30  gioco.o(.bss)
    __libspace_start                         0x40002d48   Data          96  libspace.o(.bss)
    __temporary_stack_top$libspace           0x40002da8   Data           0  libspace.o(.bss)



==============================================================================

Memory Map of the image

  Image Entry point : 0x00000118

  Load Region LR_IROM1 (Base: 0x00000000, Size: 0x00006a00, Max: 0x00040000, ABSOLUTE)

    Execution Region ER_IROM1 (Base: 0x00000000, Size: 0x00006928, Max: 0x00040000, ABSOLUTE)

    Base Addr    Size         Type   Attr      Idx    E Section Name        Object

    0x00000000   0x00000118   Code   RO            3    RESET               startup.o
    0x00000118   0x00000008   Code   RO          305  * !!!main             c_t.l(__main.o)
    0x00000120   0x0000003c   Code   RO          471    !!!scatter          c_t.l(__scatter.o)
    0x0000015c   0x00000028   Code   RO          473    !!handler_copy      c_t.l(__scatter_copy.o)
    0x00000184   0x0000002c   Code   RO          475    !!handler_zi        c_t.l(__scatter_zi.o)
    0x000001b0   0x00000008   Ven    RO          342    .ARM.Collect$$libinit$$00000000  c_t.l(libinit.o)
    0x000001b8   0x00000002   Code   RO          342    .ARM.Collect$$libinit$$00000000  c_t.l(libinit.o)
    0x000001ba   0x00000000   Code   RO          355    .ARM.Collect$$libinit$$00000002  c_t.l(libinit2.o)
    0x000001ba   0x00000000   Code   RO          358    .ARM.Collect$$libinit$$00000008  c_t.l(libinit2.o)
    0x000001ba   0x00000000   Code   RO          360    .ARM.Collect$$libinit$$0000000A  c_t.l(libinit2.o)
    0x000001ba   0x00000000   Code   RO          362    .ARM.Collect$$libinit$$0000000C  c_t.l(libinit2.o)
    0x000001ba   0x00000000   Code   RO          365    .ARM.Collect$$libinit$$0000000F  c_t.l(libinit2.o)
    0x000001ba   0x00000000   Code   RO          367    .ARM.Collect$$libinit$$00000011  c_t.l(libinit2.o)
    0x000001ba   0x00000000   Code   RO          369    .ARM.Collect$$libinit$$00000013  c_t.l(libinit2.o)
    0x000001ba   0x00000000   Code   RO          371    .ARM.Collect$$libinit$$00000015  c_t.l(libinit2.o)
    0x000001ba   0x00000000   Code   RO          373    .ARM.Collect$$libinit$$00000017  c_t.l(libinit2.o)
    0x000001ba   0x00000000   Code   RO          375    .ARM.Collect$$libinit$$00000019  c_t.l(libinit2.o)
    0x000001ba   0x00000000   Code   RO          377    .ARM.Collect$$libinit$$0000001B  c_t.l(libinit2.o)
    0x000001ba   0x00000000   Code   RO          379    .ARM.Collect$$libinit$$0000001D  c_t.l(libinit2.o)
    0x000001ba   0x00000000   Code   RO          381    .ARM.Collect$$libinit$$0000001F  c_t.l(libinit2.o)
    0x000001ba   0x00000000   Code   RO          383    .ARM.Collect$$libinit$$00000021  c_t.l(libinit2.o)
    0x000001ba   0x00000000   Code   RO          385    .ARM.Collect$$libinit$$00000023  c_t.l(libinit2.o)
    0x000001ba   0x00000000   Code   RO          389    .ARM.Collect$$libinit$$0000002A  c_t.l(libinit2.o)
    0x000001ba   0x00000000   Code   RO          391    .ARM.Collect$$libinit$$0000002C  c_t.l(libinit2.o)
    0x000001ba   0x00000000   Code   RO          393    .ARM.Collect$$libinit$$0000002E  c_t.l(libinit2.o)
    0x000001ba   0x00000000   Code   RO          395    .ARM.Collect$$libinit$$00000030  c_t.l(libinit2.o)
    0x000001ba   0x0000000c   Code   RO          396    .ARM.Collect$$libinit$$00000031  c_t.l(libinit2.o)
    0x000001c6   0x00000002   PAD
    0x000001c8   0x00000008   Ven    RO          429    .ARM.Collect$$libshutdown$$00000000  c_t.l(libshutdown.o)
    0x000001d0   0x00000004   Code   RO          429    .ARM.Collect$$libshutdown$$00000000  c_t.l(libshutdown.o)
    0x000001d4   0x00000000   Code   RO          456    .ARM.Collect$$libshutdown$$00000003  c_t.l(libshutdown2.o)
    0x000001d4   0x00000000   Code   RO          459    .ARM.Collect$$libshutdown$$00000006  c_t.l(libshutdown2.o)
    0x000001d4   0x00000000   Code   RO          462    .ARM.Collect$$libshutdown$$00000009  c_t.l(libshutdown2.o)
    0x000001d4   0x00000000   Code   RO          464    .ARM.Collect$$libshutdown$$0000000B  c_t.l(libshutdown2.o)
    0x000001d4   0x00000000   Code   RO          467    .ARM.Collect$$libshutdown$$0000000E  c_t.l(libshutdown2.o)
    0x000001d4   0x00000006   Code   RO          468    .ARM.Collect$$libshutdown$$0000000F  c_t.l(libshutdown2.o)
    0x000001da   0x00000002   PAD
    0x000001dc   0x00000000   Code   RO          307    .ARM.Collect$$rtentry$$00000000  c_t.l(rtentry.o)
    0x000001dc   0x00000000   Code   RO          313    .ARM.Collect$$rtentry$$00000002  c_t.l(rtentry2.o)
    0x000001dc   0x00000008   Code   RO          325    .ARM.Collect$$rtentry$$00000004  c_t.l(rtentry4.o)
    0x000001e4   0x00000000   Code   RO          315    .ARM.Collect$$rtentry$$00000009  c_t.l(rtentry2.o)
    0x000001e4   0x00000004   Code   RO          316    .ARM.Collect$$rtentry$$0000000A  c_t.l(rtentry2.o)
    0x000001e8   0x00000000   Code   RO          318    .ARM.Collect$$rtentry$$0000000C  c_t.l(rtentry2.o)
    0x000001e8   0x00000028   Code   RO          319    .ARM.Collect$$rtentry$$0000000D  c_t.l(rtentry2.o)
    0x00000210   0x00000004   Ven    RO          346    .ARM.Collect$$rtexit$$00000000  c_t.l(rtexit.o)
    0x00000214   0x00000004   Code   RO          346    .ARM.Collect$$rtexit$$00000000  c_t.l(rtexit.o)
    0x00000218   0x00000000   Code   RO          400    .ARM.Collect$$rtexit$$00000002  c_t.l(rtexit2.o)
    0x00000218   0x00000004   Code   RO          401    .ARM.Collect$$rtexit$$00000003  c_t.l(rtexit2.o)
    0x0000021c   0x00000008   Code   RO          402    .ARM.Collect$$rtexit$$00000004  c_t.l(rtexit2.o)
    0x00000224   0x00000020   Code   RO            4    .text               startup.o
    0x00000244   0x00001b08   Code   RO           11    .text               main.o
    0x00001d4c   0x00000220   Code   RO           61    .text               pedina.o
    0x00001f6c   0x0000042c   Code   RO           79    .text               muro.o
    0x00002398   0x00000844   Code   RO           97    .text               gestionestampastringhe.o
    0x00002bdc   0x00002c48   Code   RO          122    .text               gioco.o
    0x00005824   0x0000028c   Code   RO          156    .text               uart.o
    0x00005ab0   0x00000114   Code   RO          171    .text               coda.o
    0x00005bc4   0x0000004c   Code   RO          183    .text               random.o
    0x00005c10   0x000002c0   Code   RO          197    .text               board.o
    0x00005ed0   0x00000590   Code   RO          221    .text               lcd_ym12864i.o
    0x00006460   0x00000074   Code   RO          248    .text               timer.o
    0x000064d4   0x000000d4   Code   RO          283    .text               c_t.l(rt_memcpy.o)
    0x000065a8   0x00000064   Code   RO          285    .text               c_t.l(rt_memcpy_w.o)
    0x0000660c   0x00000180   Code   RO          287    .text               c_t.l(aeabi_sdiv.o)
    0x0000678c   0x00000006   Code   RO          303    .text               c_t.l(heapauxi.o)
    0x00006792   0x00000002   PAD
    0x00006794   0x00000060   Code   RO          329    .text               c_t.l(sys_stackheap_outer.o)
    0x000067f4   0x0000000c   Code   RO          331    .text               c_t.l(exit.o)
    0x00006800   0x0000000c   Code   RO          343    .text               c_t.l(libspace.o)
    0x0000680c   0x00000008   Ven    RO          397    .text               c_t.l(sys_exit.o)
    0x00006814   0x0000000c   Code   RO          397    .text               c_t.l(sys_exit.o)
    0x00006820   0x00000004   Code   RO          418    .text               c_t.l(use_no_semi.o)
    0x00006824   0x00000000   Code   RO          420    .text               c_t.l(indicate_semi.o)
    0x00006824   0x000000e4   Data   RO           98    .constdata          gestionestampastringhe.o
    0x00006908   0x00000020   Data   RO          469    Region$$Table       anon$$obj.o


    Execution Region RW_IRAM1 (Base: 0x40000000, Size: 0x00003230, Max: 0x00004000, ABSOLUTE)

    Base Addr    Size         Type   Attr      Idx    E Section Name        Object

    0x40000000   0x000000ce   Data   RW           13    .data               main.o
    0x400000ce   0x00000004   Data   RW           99    .data               gestionestampastringhe.o
    0x400000d2   0x00000001   Data   RW          124    .data               gioco.o
    0x400000d3   0x00000001   PAD
    0x400000d4   0x00000004   Data   RW          184    .data               random.o
    0x400000d8   0x00002ad8   Zero   RW           12    .bss                main.o
    0x40002bb0   0x0000002a   Zero   RW           80    .bss                muro.o
    0x40002bda   0x00000002   PAD
    0x40002bdc   0x0000016a   Zero   RW          123    .bss                gioco.o
    0x40002d46   0x00000002   PAD
    0x40002d48   0x00000060   Zero   RW          344    .bss                c_t.l(libspace.o)
    0x40002da8   0x00000000   Zero   RW            2    HEAP                startup.o
    0x40002da8   0x00000488   Zero   RW            1    STACK               startup.o


==============================================================================

Image component sizes


      Code (inc. data)   RO Data    RW Data    ZI Data      Debug   Object Name

       704         32          0          0          0       2064   board.o
       276          0          0          0          0       1626   coda.o
      2116         28        228          4          0       4959   gestionestampastringhe.o
     11336         16          0          1        362       8286   gioco.o
      1424         12          0          0          0       5150   lcd_ym12864i.o
      6920        208          0        206      10968      11994   main.o
      1068          4          0          0         42       3153   muro.o
       544          0          0          0          0       3209   pedina.o
        76         12          0          4          0        625   random.o
       312         64          0          0       1160        472   startup.o
       116         12          0          0          0        745   timer.o
       652          8          0          0          0       2606   uart.o

    ----------------------------------------------------------------------
     25544        396        260        216      12536      44889   Object Totals
         0          0         32          0          0          0   (incl. Generated)
         0          0          0          1          4          0   (incl. Padding)

    ----------------------------------------------------------------------

      Code (inc. data)   RO Data    RW Data    ZI Data      Debug   Library Member Name

         8          0          0          0          0         68   __main.o
        60          8          0          0          0          0   __scatter.o
        40          0          0          0          0          0   __scatter_copy.o
        44          0          0          0          0          0   __scatter_zi.o
       384          0          0          0          0         80   aeabi_sdiv.o
        12          0          0          0          0         64   exit.o
         6          0          0          0          0        136   heapauxi.o
         0          0          0          0          0          0   indicate_semi.o
        10          0          0          0          0          0   libinit.o
        12          0          0          0          0          0   libinit2.o
        12          0          0          0          0          0   libshutdown.o
         6          0          0          0          0          0   libshutdown2.o
        12          4          0          0         96         68   libspace.o
       212          0          0          0          0         68   rt_memcpy.o
       100          0          0          0          0         80   rt_memcpy_w.o
         0          0          0          0          0          0   rtentry.o
        44          4          0          0          0          0   rtentry2.o
         8          0          0          0          0          0   rtentry4.o
         8          0          0          0          0          0   rtexit.o
        12          0          0          0          0          0   rtexit2.o
        20          4          0          0          0         60   sys_exit.o
        96          0          0          0          0         80   sys_stackheap_outer.o
         4          0          0          0          0         68   use_no_semi.o

    ----------------------------------------------------------------------
      1116         20          0          0         96        772   Library Totals
         6          0          0          0          0          0   (incl. Padding)

    ----------------------------------------------------------------------

      Code (inc. data)   RO Data    RW Data    ZI Data      Debug   Library Name

      1110         20          0          0         96        772   c_t.l

    ----------------------------------------------------------------------
      1116         20          0          0         96        772   Library Totals

    ----------------------------------------------------------------------

==============================================================================


      Code (inc. data)   RO Data    RW Data    ZI Data      Debug   

     26660        416        260        216      12632      44429   Grand Totals
     26660        416        260        216      12632      44429   ELF Image Totals
     26660        416        260        216          0          0   ROM Totals

==============================================================================

    Total RO  Size (Code + RO Data)                26920 (  26.29kB)
    Total RW  Size (RW Data + ZI Data)             12848 (  12.55kB)
    Total ROM Size (Code + RO Data + RW Data)      27136 (  26.50kB)

==============================================================================

