<html>
<body>
<pre>
<h1>µVision Build Log</h1>
<h2>Project:</h2>
C:\Users\Alberto\Desktop\Quoridor\Cprogramming\Cprogramming.uvproj
Project File Date:  01/15/2015

<h2>Output:</h2>
Rebuild target 'Target 1'
assembling Startup.s...
compiling main.c...
main.c(251): warning:  #111-D: statement is unreachable
        return 0;
main.c: 1 warning, 0 errors
compiling pedina.c...
compiling muro.c...
compiling gestioneStampaStringhe.c...
compiling gioco.c...
compiling uart.c...
compiling coda.c...
compiling random.c...
compiling board.c...
..\lib_uCdragon\board.c(192): warning:  #61-D: integer operation result is out of range
        IO2DIR = ( 0xf8<<24)|(0x00<<16)|(0x00<<8)|(0x00) ;      
..\lib_uCdragon\board.c(273): warning:  #61-D: integer operation result is out of range
                IO2SET = IO2SET | ( 1 << 31 ) ;
..\lib_uCdragon\board.c(273): warning:  #68-D: integer conversion resulted in a change of sign
                IO2SET = IO2SET | ( 1 << 31 ) ;
..\lib_uCdragon\board.c(275): warning:  #61-D: integer operation result is out of range
                IO2CLR = IO2CLR | ( 1 << 31 ) ;
..\lib_uCdragon\board.c(275): warning:  #68-D: integer conversion resulted in a change of sign
                IO2CLR = IO2CLR | ( 1 << 31 ) ;
..\lib_uCdragon\board.c: 5 warnings, 0 errors
compiling LCD_YM12864I.c...
compiling timer.c...
compiling timer1.c...
linking...
Program Size: Code=26660 RO-data=260 RW-data=216 ZI-data=12632  
FromELF: creating hex file...
".\Cprogramming.axf" - 0 Error(s), 6 Warning(s).
</pre>
</body>
</html>
R | ( 1 << 31 ) ;
..\lib_uCdragon\board.c: 5 warnings, 0 errors
compiling LCD_YM12864I.c...
compiling timer.c...
compiling timer1.c...
".\Cprogramming.axf" - 2 Error(s), 6 Warning(s).
Target not created
 IO2CLR = IO2CLR | ( 1 << 31 ) ;
..\lib_uCdragon\board.c: 5 warnings, 0 errors
compiling LCD_YM12864I.c...
compiling timer.c...
compiling timer1.c...
".\Cprogramming.axf" - 2 Error(s), 8 Warning(s).
Target not created
